
> convenient-store-enterprise-ui-library@0.1.0 build-storybook
> storybook build --output-dir=/private/var/folders/wy/hpzhnzzn3p37lky7wy76w92m0000gp/T/chromatic--57458-71GdjV37ZRs0 --webpack-stats-json=/private/var/folders/wy/hpzhnzzn3p37lky7wy76w92m0000gp/T/chromatic--57458-71GdjV37ZRs0

@storybook/cli v7.6.10

info => Cleaning outputDir: /private/var/folders/wy/hpzhnzzn3p37lky7wy76w92m0000gp/T/chromatic--57458-71GdjV37ZRs0
info => Loading presets
info => Building manager..
info => Manager built (87 ms)
info => Building preview..
info => Copying static files: /Volumes/Satechi Inland/Development Projects/convenient-store-enterprise-ui-library/node_modules/@storybook/manager/static at /private/var/folders/wy/hpzhnzzn3p37lky7wy76w92m0000gp/T/chromatic--57458-71GdjV37ZRs0/sb-common-assets
[36mvite v5.1.0 [32mbuilding for production...[36m[39m

[36m[vite:lib-inject-css][39m [33mCurrent is not in library mode or building process, skip code injection.[39m

transforming...
[32m✓[39m 587 modules transformed.
rendering chunks...

[vite:dts] Start generate declaration files...
computing gzip size...
[vite:dts] Start rollup declaration files...
Analysis will use the bundled TypeScript version 5.3.3
[vite:dts] Declaration files built in 2247ms.

[2m../../../../private/var/folders/wy/hpzhnzzn3p37lky7wy76w92m0000gp/T/chromatic--57458-71GdjV37ZRs0/[22m[32miframe.html                                    [39m[1m[2m 12.58 kB[22m[1m[22m[2m │ gzip:   3.58 kB[22m
[2m../../../../private/var/folders/wy/hpzhnzzn3p37lky7wy76w92m0000gp/T/chromatic--57458-71GdjV37ZRs0/[22m[2massets/[22m[35mSearchInput-BOqEmpk3.css                [39m[1m[2m  2.69 kB[22m[1m[22m[2m │ gzip:   1.05 kB[22m
[2m../../../../private/var/folders/wy/hpzhnzzn3p37lky7wy76w92m0000gp/T/chromatic--57458-71GdjV37ZRs0/[22m[2massets/[22m[36mpreview-ecOKyxp7.js                     [39m[1m[2m  0.15 kB[22m[1m[22m[2m │ gzip:   0.15 kB[22m
[2m../../../../private/var/folders/wy/hpzhnzzn3p37lky7wy76w92m0000gp/T/chromatic--57458-71GdjV37ZRs0/[22m[2massets/[22m[36mextends-CF3RwP-h.js                     [39m[1m[2m  0.23 kB[22m[1m[22m[2m │ gzip:   0.19 kB[22m
[2m../../../../private/var/folders/wy/hpzhnzzn3p37lky7wy76w92m0000gp/T/chromatic--57458-71GdjV37ZRs0/[22m[2massets/[22m[36mWithTooltip-V3YHNWJZ-BSH8I_TL.js        [39m[1m[2m  0.42 kB[22m[1m[22m[2m │ gzip:   0.27 kB[22m
[2m../../../../private/var/folders/wy/hpzhnzzn3p37lky7wy76w92m0000gp/T/chromatic--57458-71GdjV37ZRs0/[22m[2massets/[22m[36msyntaxhighlighter-V7JZZA35-qCsuci0f.js  [39m[1m[2m  0.43 kB[22m[1m[22m[2m │ gzip:   0.29 kB[22m
[2m../../../../private/var/folders/wy/hpzhnzzn3p37lky7wy76w92m0000gp/T/chromatic--57458-71GdjV37ZRs0/[22m[2massets/[22m[36mreact-18-DS-MVGx6.js                    [39m[1m[2m  0.55 kB[22m[1m[22m[2m │ gzip:   0.34 kB[22m
[2m../../../../private/var/folders/wy/hpzhnzzn3p37lky7wy76w92m0000gp/T/chromatic--57458-71GdjV37ZRs0/[22m[2massets/[22m[36mindex-BnapxFVb.js                       [39m[1m[2m  0.58 kB[22m[1m[22m[2m │ gzip:   0.35 kB[22m
[2m../../../../private/var/folders/wy/hpzhnzzn3p37lky7wy76w92m0000gp/T/chromatic--57458-71GdjV37ZRs0/[22m[2massets/[22m[36m_commonjsHelpers-BosuxZz1.js            [39m[1m[2m  0.69 kB[22m[1m[22m[2m │ gzip:   0.38 kB[22m
[2m../../../../private/var/folders/wy/hpzhnzzn3p37lky7wy76w92m0000gp/T/chromatic--57458-71GdjV37ZRs0/[22m[2massets/[22m[36mpreview-PfQw5Db7.js                     [39m[1m[2m  0.71 kB[22m[1m[22m[2m │ gzip:   0.43 kB[22m
[2m../../../../private/var/folders/wy/hpzhnzzn3p37lky7wy76w92m0000gp/T/chromatic--57458-71GdjV37ZRs0/[22m[2massets/[22m[36mindex-Bhqu_tAV.js                       [39m[1m[2m  0.79 kB[22m[1m[22m[2m │ gzip:   0.47 kB[22m
[2m../../../../private/var/folders/wy/hpzhnzzn3p37lky7wy76w92m0000gp/T/chromatic--57458-71GdjV37ZRs0/[22m[2massets/[22m[36mindex-D3ylJrlI.js                       [39m[1m[2m  0.80 kB[22m[1m[22m[2m │ gzip:   0.52 kB[22m
[2m../../../../private/var/folders/wy/hpzhnzzn3p37lky7wy76w92m0000gp/T/chromatic--57458-71GdjV37ZRs0/[22m[2massets/[22m[36mpreview-Cv3rAi2i.js                     [39m[1m[2m  0.86 kB[22m[1m[22m[2m │ gzip:   0.55 kB[22m
[2m../../../../private/var/folders/wy/hpzhnzzn3p37lky7wy76w92m0000gp/T/chromatic--57458-71GdjV37ZRs0/[22m[2massets/[22m[36mentry-preview-CbOF_t6d.js               [39m[1m[2m  1.15 kB[22m[1m[22m[2m │ gzip:   0.67 kB[22m
[2m../../../../private/var/folders/wy/hpzhnzzn3p37lky7wy76w92m0000gp/T/chromatic--57458-71GdjV37ZRs0/[22m[2massets/[22m[36mpreview-B6TpeZb6.js                     [39m[1m[2m  1.24 kB[22m[1m[22m[2m │ gzip:   0.76 kB[22m
[2m../../../../private/var/folders/wy/hpzhnzzn3p37lky7wy76w92m0000gp/T/chromatic--57458-71GdjV37ZRs0/[22m[2massets/[22m[36mpreview-CzBfFEX4.js                     [39m[1m[2m  3.19 kB[22m[1m[22m[2m │ gzip:   1.37 kB[22m
[2m../../../../private/var/folders/wy/hpzhnzzn3p37lky7wy76w92m0000gp/T/chromatic--57458-71GdjV37ZRs0/[22m[2massets/[22m[36miframe-lQVFbZPf.js                      [39m[1m[2m  4.11 kB[22m[1m[22m[2m │ gzip:   1.68 kB[22m
[2m../../../../private/var/folders/wy/hpzhnzzn3p37lky7wy76w92m0000gp/T/chromatic--57458-71GdjV37ZRs0/[22m[2massets/[22m[36mpreview-BnSX-W2M.js                     [39m[1m[2m  5.17 kB[22m[1m[22m[2m │ gzip:   2.36 kB[22m
[2m../../../../private/var/folders/wy/hpzhnzzn3p37lky7wy76w92m0000gp/T/chromatic--57458-71GdjV37ZRs0/[22m[2massets/[22m[36mindex-BwDkhjyp.js                       [39m[1m[2m  7.18 kB[22m[1m[22m[2m │ gzip:   2.92 kB[22m
[2m../../../../private/var/folders/wy/hpzhnzzn3p37lky7wy76w92m0000gp/T/chromatic--57458-71GdjV37ZRs0/[22m[2massets/[22m[36mpreview-B9C2S1aH.js                     [39m[1m[2m  7.62 kB[22m[1m[22m[2m │ gzip:   1.56 kB[22m
[2m../../../../private/var/folders/wy/hpzhnzzn3p37lky7wy76w92m0000gp/T/chromatic--57458-71GdjV37ZRs0/[22m[2massets/[22m[36mpreview-BJKiUloN.js                     [39m[1m[2m  8.11 kB[22m[1m[22m[2m │ gzip:   3.08 kB[22m
[2m../../../../private/var/folders/wy/hpzhnzzn3p37lky7wy76w92m0000gp/T/chromatic--57458-71GdjV37ZRs0/[22m[2massets/[22m[36mColor-6VNJS4EI-0qiJGduh.js              [39m[1m[2m 31.61 kB[22m[1m[22m[2m │ gzip:  11.84 kB[22m
[2m../../../../private/var/folders/wy/hpzhnzzn3p37lky7wy76w92m0000gp/T/chromatic--57458-71GdjV37ZRs0/[22m[2massets/[22m[36mpreview-qgCsT5MC.js                     [39m[1m[2m 72.03 kB[22m[1m[22m[2m │ gzip:  24.32 kB[22m
[2m../../../../private/var/folders/wy/hpzhnzzn3p37lky7wy76w92m0000gp/T/chromatic--57458-71GdjV37ZRs0/[22m[2massets/[22m[36m_getPrototype-4Gf7fkVK.js               [39m[1m[2m 77.22 kB[22m[1m[22m[2m │ gzip:  22.80 kB[22m
[2m../../../../private/var/folders/wy/hpzhnzzn3p37lky7wy76w92m0000gp/T/chromatic--57458-71GdjV37ZRs0/[22m[2massets/[22m[36mSearchInput.stories-CzraK-Wn.js         [39m[1m[2m116.44 kB[22m[1m[22m[2m │ gzip:  38.90 kB[22m
[2m../../../../private/var/folders/wy/hpzhnzzn3p37lky7wy76w92m0000gp/T/chromatic--57458-71GdjV37ZRs0/[22m[2massets/[22m[36mindex-aS4jWOJ1.js                       [39m[1m[2m134.00 kB[22m[1m[22m[2m │ gzip:  43.17 kB[22m
[2m../../../../private/var/folders/wy/hpzhnzzn3p37lky7wy76w92m0000gp/T/chromatic--57458-71GdjV37ZRs0/[22m[2massets/[22m[36mentry-preview-docs-wzEyFQ7d.js          [39m[1m[2m211.13 kB[22m[1m[22m[2m │ gzip:  65.11 kB[22m
[2m../../../../private/var/folders/wy/hpzhnzzn3p37lky7wy76w92m0000gp/T/chromatic--57458-71GdjV37ZRs0/[22m[2massets/[22m[36mDocsRenderer-NNNQARDV-CnEGmh_g.js       [39m[1m[33m539.25 kB[39m[22m[2m │ gzip: 176.86 kB[22m
[2m../../../../private/var/folders/wy/hpzhnzzn3p37lky7wy76w92m0000gp/T/chromatic--57458-71GdjV37ZRs0/[22m[2massets/[22m[36maxe-1sa4mFFA.js                         [39m[1m[33m601.11 kB[39m[22m[2m │ gzip: 165.32 kB[22m
[2m../../../../private/var/folders/wy/hpzhnzzn3p37lky7wy76w92m0000gp/T/chromatic--57458-71GdjV37ZRs0/[22m[2massets/[22m[36mformatter-SWP5E3XI-WzezHX79.js          [39m[1m[33m601.59 kB[39m[22m[2m │ gzip: 185.05 kB[22m
[32m✓ built in 5.51s[39m
info => Preview built (7.06 s)
info => Output directory: /private/var/folders/wy/hpzhnzzn3p37lky7wy76w92m0000gp/T/chromatic--57458-71GdjV37ZRs0
